// Jest Snapshot v1, https://goo.gl/fbAQLP

exports[`AlbumOverviewCard.vue TEST CASE 1: Render AlbumOverViewCard HTML 1`] = `
VueWrapper {
  "_emitted": Object {},
  "_emittedByOrder": Array [],
  "isFunctionalComponent": undefined,
}
`;
